================================================================================
  LOGISTICS CONTROL TOWER — DASHBOARD DATA BUILD
  Run date: 2026-07-08
  Invoice Compliance: Using 5 data sources (In-Transit, Inventory, Bills, GL 1275, GL 1313)
================================================================================

--- LOADING + CLEANING SOURCES ---
  in_transit           : (827, 15)
  inventory_intransit  : (982, 23)
  bills                : (86313, 15)  (pending: 158)
  gl_bills (1275+1313) : (27110, 11)
    -> gl 'Bill' rows (freight) : 6,453

  Loading operational data (for Booking/Container Movement dashboards)...
  open_po              : (2307, 25)
  bookings             : (775, 10)
  supplier_invoices    : (10926, 17)

[OK] All sources loaded

--- STEP 1: CREATE ACTIVE SHIPMENT UNIVERSE ---
  sipl_master (from In-Transit) : (827, 15)
  Active containers: 127
  Active SIPLs: 827

--- STEP 2: ENRICH SHIPMENT MASTER ---
  Operational priority breakdown:
operational_priority
Unknown ETA       593
Future            113
Past ETA           79
Next 7 Days        25
Next 3 Days        12
Arriving Today      5

--- STEP 3: MATCH BILLS TO SHIPMENTS ---
  Bills matched:
    matched_by_container_sipl: 0
    matched_by_sipl: 118
    matched_by_container: 0
    unmatched: 86,195

  Total matched: 118 of 86,313
  Match rate: 0.1%

  Top unmatched reasons:
reason
NO_MATCH_FOUND                     45617
MISSING_BOTH_CONTAINER_AND_SIPL    37608
CONTAINER_NULL (SIPL=9474)             4
CONTAINER_NULL (SIPL=167344B)          3
CONTAINER_NULL (SIPL=154844)           3
CONTAINER_NULL (SIPL=165582B)          3
CONTAINER_NULL (SIPL=158956)           3
CONTAINER_NULL (SIPL=166371D)          3
CONTAINER_NULL (SIPL=138943)           3
CONTAINER_NULL (SIPL=165997)           3

--- STEP 4: CLASSIFY INVOICES BY GL DESCRIPTION ---
  GL invoices classified: 5,760 of 6,453
  Breakdown by category:
category
ACCESSORIAL    2629
DRAYAGE         832
CUSTOMS         806
DUTY            755
OF              738

--- STEP 5: BUILD INVOICE EVENTS ---
  GL-confirmed events: 108 of 65 confirmed bills
  Pending events (unattributed): 53
  Total invoice events: 161

--- STEP 6: BUILD INVOICE COMPLIANCE (PER-SIPL) ---
  invoice_compliance: (827, 17)
overall_status
Missing     825
Complete      2

--- STEP 7: BUILD RECONCILIATION AUDIT ---

Reconciliation Summary:
                                 metric  count
                            Total Bills  86313
             Bills Matched to Shipments    118
                        Bills Unmatched  86195
          Matched Bills -> GL Confirmed    108
Matched Bills -> Pending (Unattributed)     53

--- STEP 8: WRITE OUTPUT ---
  Wrote C:\Users\Abhay\OneDrive - Architectural Surfaces\Desktop\Logistics dashboard\data\dashboard_data_2026-07-08.xlsx
  Wrote C:\Users\Abhay\OneDrive - Architectural Surfaces\Desktop\Logistics dashboard\data\dashboard_data.xlsx

================================================================================
  BUILD COMPLETE
  Archive : C:\Users\Abhay\OneDrive - Architectural Surfaces\Desktop\Logistics dashboard\data\dashboard_data_2026-07-08.xlsx
  Latest  : C:\Users\Abhay\OneDrive - Architectural Surfaces\Desktop\Logistics dashboard\data\dashboard_data.xlsx
================================================================================
